2021-06-28T19:56:59.3486040Z Found online and idle hosted runner(s) in the current repository's organization account that matches the required labels: 'ubuntu-latest'
2021-06-28T19:56:59.3486100Z Waiting for a hosted runner in 'organization' to pick this job...
2021-06-28T19:57:05.0096924Z Current runner version: '2.278.0'
2021-06-28T19:57:05.0124451Z ##[group]Operating System
2021-06-28T19:57:05.0125509Z Ubuntu
2021-06-28T19:57:05.0126079Z 20.04.2
2021-06-28T19:57:05.0126530Z LTS
2021-06-28T19:57:05.0127076Z ##[endgroup]
2021-06-28T19:57:05.0127687Z ##[group]Virtual Environment
2021-06-28T19:57:05.0128430Z Environment: ubuntu-20.04
2021-06-28T19:57:05.0129036Z Version: 20210614.1
2021-06-28T19:57:05.0130180Z Included Software: https://github.com/actions/virtual-environments/blob/ubuntu20/20210614.1/images/linux/Ubuntu2004-README.md
2021-06-28T19:57:05.0131747Z Image Release: https://github.com/actions/virtual-environments/releases/tag/ubuntu20%2F20210614.1
2021-06-28T19:57:05.0132682Z ##[endgroup]
2021-06-28T19:57:05.0134675Z ##[group]GITHUB_TOKEN Permissions
2021-06-28T19:57:05.0135926Z Actions: write
2021-06-28T19:57:05.0136485Z Checks: write
2021-06-28T19:57:05.0137041Z Contents: write
2021-06-28T19:57:05.0137569Z Deployments: write
2021-06-28T19:57:05.0138262Z Discussions: write
2021-06-28T19:57:05.0138841Z Issues: write
2021-06-28T19:57:05.0139398Z Metadata: read
2021-06-28T19:57:05.0139903Z Packages: write
2021-06-28T19:57:05.0140489Z PullRequests: write
2021-06-28T19:57:05.0141128Z RepositoryProjects: write
2021-06-28T19:57:05.0141814Z SecurityEvents: write
2021-06-28T19:57:05.0142365Z Statuses: write
2021-06-28T19:57:05.0143044Z ##[endgroup]
2021-06-28T19:57:05.0146053Z Prepare workflow directory
2021-06-28T19:57:05.0810812Z Prepare all required actions
2021-06-28T19:57:05.0822093Z Getting action download info
2021-06-28T19:57:05.4727581Z Download action repository 'actions/checkout@v1'
2021-06-28T19:57:07.5804781Z Download action repository 'actions/setup-java@v1'
2021-06-28T19:57:07.7607807Z Download action repository 'subosito/flutter-action@v1'
2021-06-28T19:57:07.9293755Z Download action repository 'actions/upload-artifact@v1'
2021-06-28T19:57:08.1900153Z ##[group]Run actions/checkout@v1
2021-06-28T19:57:08.1900758Z with:
2021-06-28T19:57:08.1901112Z   clean: true
2021-06-28T19:57:08.1901516Z ##[endgroup]
2021-06-28T19:57:09.0959218Z Syncing repository: ZION-APP/ZION-FRONTEND
2021-06-28T19:57:09.0960203Z ##[command]git version
2021-06-28T19:57:09.0961205Z git version 2.32.0
2021-06-28T19:57:09.0961815Z ##[command]git lfs version
2021-06-28T19:57:09.0962728Z git-lfs/2.13.3 (GitHub; linux amd64; go 1.16.2)
2021-06-28T19:57:09.0963960Z ##[command]git init "/home/runner/work/ZION-FRONTEND/ZION-FRONTEND"
2021-06-28T19:57:09.0965231Z hint: Using 'master' as the name for the initial branch. This default branch name
2021-06-28T19:57:09.0966238Z hint: is subject to change. To configure the initial branch name to use in all
2021-06-28T19:57:09.0967265Z hint: of your new repositories, which will suppress this warning, call:
2021-06-28T19:57:09.0968005Z hint: 
2021-06-28T19:57:09.0968906Z hint: 	git config --global init.defaultBranch <name>
2021-06-28T19:57:09.0969770Z hint: 
2021-06-28T19:57:09.0970649Z hint: Names commonly chosen instead of 'master' are 'main', 'trunk' and
2021-06-28T19:57:09.0971891Z hint: 'development'. The just-created branch can be renamed via this command:
2021-06-28T19:57:09.0972686Z hint: 
2021-06-28T19:57:09.0973388Z hint: 	git branch -m <name>
2021-06-28T19:57:09.0974536Z Initialized empty Git repository in /home/runner/work/ZION-FRONTEND/ZION-FRONTEND/.git/
2021-06-28T19:57:09.0976041Z ##[command]git remote add origin https://github.com/ZION-APP/ZION-FRONTEND
2021-06-28T19:57:09.0976962Z ##[command]git config gc.auto 0
2021-06-28T19:57:09.0978346Z ##[command]git config --get-all http.https://github.com/ZION-APP/ZION-FRONTEND.extraheader
2021-06-28T19:57:09.0983650Z ##[command]git -c http.extraheader="AUTHORIZATION: basic ***" fetch --tags --prune --progress --no-recurse-submodules origin +refs/heads/*:refs/remotes/origin/*
2021-06-28T19:57:09.1961127Z remote: Enumerating objects: 663, done.        
2021-06-28T19:57:09.1983160Z remote: Counting objects:   0% (1/663)        
2021-06-28T19:57:09.1983992Z remote: Counting objects:   1% (7/663)        
2021-06-28T19:57:09.1984936Z remote: Counting objects:   2% (14/663)        
2021-06-28T19:57:09.1985646Z remote: Counting objects:   3% (20/663)        
2021-06-28T19:57:09.1986354Z remote: Counting objects:   4% (27/663)        
2021-06-28T19:57:09.1987043Z remote: Counting objects:   5% (34/663)        
2021-06-28T19:57:09.1987751Z remote: Counting objects:   6% (40/663)        
2021-06-28T19:57:09.1988454Z remote: Counting objects:   7% (47/663)        
2021-06-28T19:57:09.1989142Z remote: Counting objects:   8% (54/663)        
2021-06-28T19:57:09.1989841Z remote: Counting objects:   9% (60/663)        
2021-06-28T19:57:09.1990621Z remote: Counting objects:  10% (67/663)        
2021-06-28T19:57:09.1991306Z remote: Counting objects:  11% (73/663)        
2021-06-28T19:57:09.1992008Z remote: Counting objects:  12% (80/663)        
2021-06-28T19:57:09.1992736Z remote: Counting objects:  13% (87/663)        
2021-06-28T19:57:09.1993433Z remote: Counting objects:  14% (93/663)        
2021-06-28T19:57:09.1994130Z remote: Counting objects:  15% (100/663)        
2021-06-28T19:57:09.1994832Z remote: Counting objects:  16% (107/663)        
2021-06-28T19:57:09.1995540Z remote: Counting objects:  17% (113/663)        
2021-06-28T19:57:09.1996230Z remote: Counting objects:  18% (120/663)        
2021-06-28T19:57:09.1996930Z remote: Counting objects:  19% (126/663)        
2021-06-28T19:57:09.1997636Z remote: Counting objects:  20% (133/663)        
2021-06-28T19:57:09.1998321Z remote: Counting objects:  21% (140/663)        
2021-06-28T19:57:09.1999980Z remote: Counting objects:  22% (146/663)        
2021-06-28T19:57:09.2000684Z remote: Counting objects:  23% (153/663)        
2021-06-28T19:57:09.2001394Z remote: Counting objects:  24% (160/663)        
2021-06-28T19:57:09.2002105Z remote: Counting objects:  25% (166/663)        
2021-06-28T19:57:09.2002968Z remote: Counting objects:  26% (173/663)        
2021-06-28T19:57:09.2003706Z remote: Counting objects:  27% (180/663)        
2021-06-28T19:57:09.2004404Z remote: Counting objects:  28% (186/663)        
2021-06-28T19:57:09.2005104Z remote: Counting objects:  29% (193/663)        
2021-06-28T19:57:09.2005808Z remote: Counting objects:  30% (199/663)        
2021-06-28T19:57:09.2006493Z remote: Counting objects:  31% (206/663)        
2021-06-28T19:57:09.2007708Z remote: Counting objects:  32% (213/663)        
2021-06-28T19:57:09.2008369Z remote: Counting objects:  33% (219/663)        
2021-06-28T19:57:09.2009129Z remote: Counting objects:  34% (226/663)        
2021-06-28T19:57:09.2009785Z remote: Counting objects:  35% (233/663)        
2021-06-28T19:57:09.2010479Z remote: Counting objects:  36% (239/663)        
2021-06-28T19:57:09.2011038Z remote: Counting objects:  37% (246/663)        
2021-06-28T19:57:09.2011608Z remote: Counting objects:  38% (252/663)        
2021-06-28T19:57:09.2012170Z remote: Counting objects:  39% (259/663)        
2021-06-28T19:57:09.2012747Z remote: Counting objects:  40% (266/663)        
2021-06-28T19:57:09.2013320Z remote: Counting objects:  41% (272/663)        
2021-06-28T19:57:09.2013886Z remote: Counting objects:  42% (279/663)        
2021-06-28T19:57:09.2014457Z remote: Counting objects:  43% (286/663)        
2021-06-28T19:57:09.2015011Z remote: Counting objects:  44% (292/663)        
2021-06-28T19:57:09.2015812Z remote: Counting objects:  45% (299/663)        
2021-06-28T19:57:09.2016464Z remote: Counting objects:  46% (305/663)        
2021-06-28T19:57:09.2017344Z remote: Counting objects:  47% (312/663)        
2021-06-28T19:57:09.2018013Z remote: Counting objects:  48% (319/663)        
2021-06-28T19:57:09.2018649Z remote: Counting objects:  49% (325/663)        
2021-06-28T19:57:09.2019417Z remote: Counting objects:  50% (332/663)        
2021-06-28T19:57:09.2020072Z remote: Counting objects:  51% (339/663)        
2021-06-28T19:57:09.2020710Z remote: Counting objects:  52% (345/663)        
2021-06-28T19:57:09.2021389Z remote: Counting objects:  53% (352/663)        
2021-06-28T19:57:09.2022044Z remote: Counting objects:  54% (359/663)        
2021-06-28T19:57:09.2023016Z remote: Counting objects:  55% (365/663)        
2021-06-28T19:57:09.2023717Z remote: Counting objects:  56% (372/663)        
2021-06-28T19:57:09.2024407Z remote: Counting objects:  57% (378/663)        
2021-06-28T19:57:09.2025104Z remote: Counting objects:  58% (385/663)        
2021-06-28T19:57:09.2025799Z remote: Counting objects:  59% (392/663)        
2021-06-28T19:57:09.2026485Z remote: Counting objects:  60% (398/663)        
2021-06-28T19:57:09.2027185Z remote: Counting objects:  61% (405/663)        
2021-06-28T19:57:09.2027868Z remote: Counting objects:  62% (412/663)        
2021-06-28T19:57:09.2028569Z remote: Counting objects:  63% (418/663)        
2021-06-28T19:57:09.2029273Z remote: Counting objects:  64% (425/663)        
2021-06-28T19:57:09.2029961Z remote: Counting objects:  65% (431/663)        
2021-06-28T19:57:09.2030667Z remote: Counting objects:  66% (438/663)        
2021-06-28T19:57:09.2031685Z remote: Counting objects:  67% (445/663)        
2021-06-28T19:57:09.2032506Z remote: Counting objects:  68% (451/663)        
2021-06-28T19:57:09.2063899Z remote: Counting objects:  69% (458/663)        
2021-06-28T19:57:09.2064640Z remote: Counting objects:  70% (465/663)        
2021-06-28T19:57:09.2065294Z remote: Counting objects:  71% (471/663)        
2021-06-28T19:57:09.2065959Z remote: Counting objects:  72% (478/663)        
2021-06-28T19:57:09.2066617Z remote: Counting objects:  73% (484/663)        
2021-06-28T19:57:09.2067254Z remote: Counting objects:  74% (491/663)        
2021-06-28T19:57:09.2067910Z remote: Counting objects:  75% (498/663)        
2021-06-28T19:57:09.2068547Z remote: Counting objects:  76% (504/663)        
2021-06-28T19:57:09.2069197Z remote: Counting objects:  77% (511/663)        
2021-06-28T19:57:09.2069855Z remote: Counting objects:  78% (518/663)        
2021-06-28T19:57:09.2070644Z remote: Counting objects:  79% (524/663)        
2021-06-28T19:57:09.2071505Z remote: Counting objects:  80% (531/663)        
2021-06-28T19:57:09.2072218Z remote: Counting objects:  81% (538/663)        
2021-06-28T19:57:09.2072906Z remote: Counting objects:  82% (544/663)        
2021-06-28T19:57:09.2073610Z remote: Counting objects:  83% (551/663)        
2021-06-28T19:57:09.2074296Z remote: Counting objects:  84% (557/663)        
2021-06-28T19:57:09.2074995Z remote: Counting objects:  85% (564/663)        
2021-06-28T19:57:09.2075686Z remote: Counting objects:  86% (571/663)        
2021-06-28T19:57:09.2076369Z remote: Counting objects:  87% (577/663)        
2021-06-28T19:57:09.2077065Z remote: Counting objects:  88% (584/663)        
2021-06-28T19:57:09.2077746Z remote: Counting objects:  89% (591/663)        
2021-06-28T19:57:09.2078587Z remote: Counting objects:  90% (597/663)        
2021-06-28T19:57:09.2079472Z remote: Counting objects:  91% (604/663)        
2021-06-28T19:57:09.2089337Z remote: Counting objects:  92% (610/663)        
2021-06-28T19:57:09.2090513Z remote: Counting objects:  93% (617/663)        
2021-06-28T19:57:09.2101444Z remote: Counting objects:  94% (624/663)        
2021-06-28T19:57:09.2102079Z remote: Counting objects:  95% (630/663)        
2021-06-28T19:57:09.2105502Z remote: Counting objects:  96% (637/663)        
2021-06-28T19:57:09.2106049Z remote: Counting objects:  97% (644/663)        
2021-06-28T19:57:09.2106597Z remote: Counting objects:  98% (650/663)        
2021-06-28T19:57:09.2107149Z remote: Counting objects:  99% (657/663)        
2021-06-28T19:57:09.2107681Z remote: Counting objects: 100% (663/663)        
2021-06-28T19:57:09.2108251Z remote: Counting objects: 100% (663/663), done.        
2021-06-28T19:57:09.2108836Z remote: Compressing objects:   0% (1/350)        
2021-06-28T19:57:09.2109429Z remote: Compressing objects:   1% (4/350)        
2021-06-28T19:57:09.2110008Z remote: Compressing objects:   2% (7/350)        
2021-06-28T19:57:09.2110613Z remote: Compressing objects:   3% (11/350)        
2021-06-28T19:57:09.2111405Z remote: Compressing objects:   4% (14/350)        
2021-06-28T19:57:09.2112005Z remote: Compressing objects:   5% (18/350)        
2021-06-28T19:57:09.2112715Z remote: Compressing objects:   6% (21/350)        
2021-06-28T19:57:09.2113297Z remote: Compressing objects:   7% (25/350)        
2021-06-28T19:57:09.2113889Z remote: Compressing objects:   8% (28/350)        
2021-06-28T19:57:09.2114468Z remote: Compressing objects:   9% (32/350)        
2021-06-28T19:57:09.2115059Z remote: Compressing objects:  10% (35/350)        
2021-06-28T19:57:09.2115646Z remote: Compressing objects:  11% (39/350)        
2021-06-28T19:57:09.2116237Z remote: Compressing objects:  12% (42/350)        
2021-06-28T19:57:09.2116817Z remote: Compressing objects:  13% (46/350)        
2021-06-28T19:57:09.2117411Z remote: Compressing objects:  14% (49/350)        
2021-06-28T19:57:09.2118005Z remote: Compressing objects:  15% (53/350)        
2021-06-28T19:57:09.2118965Z remote: Compressing objects:  16% (56/350)        
2021-06-28T19:57:09.2119612Z remote: Compressing objects:  17% (60/350)        
2021-06-28T19:57:09.2120245Z remote: Compressing objects:  18% (63/350)        
2021-06-28T19:57:09.2120882Z remote: Compressing objects:  19% (67/350)        
2021-06-28T19:57:09.2121508Z remote: Compressing objects:  20% (70/350)        
2021-06-28T19:57:09.2122142Z remote: Compressing objects:  21% (74/350)        
2021-06-28T19:57:09.2122764Z remote: Compressing objects:  22% (77/350)        
2021-06-28T19:57:09.2123402Z remote: Compressing objects:  23% (81/350)        
2021-06-28T19:57:09.2124043Z remote: Compressing objects:  24% (84/350)        
2021-06-28T19:57:09.2124664Z remote: Compressing objects:  25% (88/350)        
2021-06-28T19:57:09.2125299Z remote: Compressing objects:  26% (91/350)        
2021-06-28T19:57:09.2125922Z remote: Compressing objects:  27% (95/350)        
2021-06-28T19:57:09.2126637Z remote: Compressing objects:  28% (98/350)        
2021-06-28T19:57:09.2127274Z remote: Compressing objects:  29% (102/350)        
2021-06-28T19:57:09.2127917Z remote: Compressing objects:  30% (105/350)        
2021-06-28T19:57:09.2128656Z remote: Compressing objects:  31% (109/350)        
2021-06-28T19:57:09.2129253Z remote: Compressing objects:  32% (112/350)        
2021-06-28T19:57:09.2129852Z remote: Compressing objects:  33% (116/350)        
2021-06-28T19:57:09.2130430Z remote: Compressing objects:  34% (119/350)        
2021-06-28T19:57:09.2131025Z remote: Compressing objects:  35% (123/350)        
2021-06-28T19:57:09.2131881Z remote: Compressing objects:  36% (126/350)        
2021-06-28T19:57:09.2132480Z remote: Compressing objects:  37% (130/350)        
2021-06-28T19:57:09.2133064Z remote: Compressing objects:  38% (133/350)        
2021-06-28T19:57:09.2133656Z remote: Compressing objects:  39% (137/350)        
2021-06-28T19:57:09.2134236Z remote: Compressing objects:  40% (140/350)        
2021-06-28T19:57:09.2134837Z remote: Compressing objects:  41% (144/350)        
2021-06-28T19:57:09.2135433Z remote: Compressing objects:  42% (147/350)        
2021-06-28T19:57:09.2136016Z remote: Compressing objects:  43% (151/350)        
2021-06-28T19:57:09.2136619Z remote: Compressing objects:  44% (154/350)        
2021-06-28T19:57:09.2137199Z remote: Compressing objects:  45% (158/350)        
2021-06-28T19:57:09.2137793Z remote: Compressing objects:  46% (161/350)        
2021-06-28T19:57:09.2138375Z remote: Compressing objects:  47% (165/350)        
2021-06-28T19:57:09.2138970Z remote: Compressing objects:  48% (168/350)        
2021-06-28T19:57:09.2139553Z remote: Compressing objects:  49% (172/350)        
2021-06-28T19:57:09.2140146Z remote: Compressing objects:  50% (175/350)        
2021-06-28T19:57:09.2140742Z remote: Compressing objects:  51% (179/350)        
2021-06-28T19:57:09.2141321Z remote: Compressing objects:  52% (182/350)        
2021-06-28T19:57:09.2141917Z remote: Compressing objects:  53% (186/350)        
2021-06-28T19:57:09.2142502Z remote: Compressing objects:  54% (189/350)        
2021-06-28T19:57:09.2143098Z remote: Compressing objects:  55% (193/350)        
2021-06-28T19:57:09.2143790Z remote: Compressing objects:  56% (196/350)        
2021-06-28T19:57:09.2144393Z remote: Compressing objects:  57% (200/350)        
2021-06-28T19:57:09.2144972Z remote: Compressing objects:  58% (203/350)        
2021-06-28T19:57:09.2145566Z remote: Compressing objects:  59% (207/350)        
2021-06-28T19:57:09.2146165Z remote: Compressing objects:  60% (210/350)        
2021-06-28T19:57:09.2146746Z remote: Compressing objects:  61% (214/350)        
2021-06-28T19:57:09.2147342Z remote: Compressing objects:  62% (217/350)        
2021-06-28T19:57:09.2147917Z remote: Compressing objects:  63% (221/350)        
2021-06-28T19:57:09.2148508Z remote: Compressing objects:  64% (224/350)        
2021-06-28T19:57:09.2149093Z remote: Compressing objects:  65% (228/350)        
2021-06-28T19:57:09.2149694Z remote: Compressing objects:  66% (231/350)        
2021-06-28T19:57:09.2150273Z remote: Compressing objects:  67% (235/350)        
2021-06-28T19:57:09.2150864Z remote: Compressing objects:  68% (238/350)        
2021-06-28T19:57:09.2151463Z remote: Compressing objects:  69% (242/350)        
2021-06-28T19:57:09.2152040Z remote: Compressing objects:  70% (245/350)        
2021-06-28T19:57:09.2152636Z remote: Compressing objects:  71% (249/350)        
2021-06-28T19:57:09.2153214Z remote: Compressing objects:  72% (252/350)        
2021-06-28T19:57:09.2153807Z remote: Compressing objects:  73% (256/350)        
2021-06-28T19:57:09.2154386Z remote: Compressing objects:  74% (259/350)        
2021-06-28T19:57:09.2154981Z remote: Compressing objects:  75% (263/350)        
2021-06-28T19:57:09.2155559Z remote: Compressing objects:  76% (266/350)        
2021-06-28T19:57:09.2156149Z remote: Compressing objects:  77% (270/350)        
2021-06-28T19:57:09.2156739Z remote: Compressing objects:  78% (273/350)        
2021-06-28T19:57:09.2157370Z remote: Compressing objects:  79% (277/350)        
2021-06-28T19:57:09.2157970Z remote: Compressing objects:  80% (280/350)        
2021-06-28T19:57:09.2158689Z remote: Compressing objects:  81% (284/350)        
2021-06-28T19:57:09.2159290Z remote: Compressing objects:  82% (287/350)        
2021-06-28T19:57:09.2159869Z remote: Compressing objects:  83% (291/350)        
2021-06-28T19:57:09.2160466Z remote: Compressing objects:  84% (294/350)        
2021-06-28T19:57:09.2161045Z remote: Compressing objects:  85% (298/350)        
2021-06-28T19:57:09.2161638Z remote: Compressing objects:  86% (301/350)        
2021-06-28T19:57:09.2162230Z remote: Compressing objects:  87% (305/350)        
2021-06-28T19:57:09.2162811Z remote: Compressing objects:  88% (308/350)        
2021-06-28T19:57:09.2163407Z remote: Compressing objects:  89% (312/350)        
2021-06-28T19:57:09.2163993Z remote: Compressing objects:  90% (315/350)        
2021-06-28T19:57:09.2164586Z remote: Compressing objects:  91% (319/350)        
2021-06-28T19:57:09.2165219Z remote: Compressing objects:  92% (322/350)        
2021-06-28T19:57:09.2165741Z remote: Compressing objects:  93% (326/350)        
2021-06-28T19:57:09.2166252Z remote: Compressing objects:  94% (329/350)        
2021-06-28T19:57:09.2166771Z remote: Compressing objects:  95% (333/350)        
2021-06-28T19:57:09.2167292Z remote: Compressing objects:  96% (336/350)        
2021-06-28T19:57:09.2167797Z remote: Compressing objects:  97% (340/350)        
2021-06-28T19:57:09.2168318Z remote: Compressing objects:  98% (343/350)        
2021-06-28T19:57:09.2168827Z remote: Compressing objects:  99% (347/350)        
2021-06-28T19:57:09.2169634Z remote: Compressing objects: 100% (350/350)        
2021-06-28T19:57:09.2170245Z remote: Compressing objects: 100% (350/350), done.        
2021-06-28T19:57:09.2170813Z Receiving objects:   0% (1/663)
2021-06-28T19:57:09.2171292Z Receiving objects:   1% (7/663)
2021-06-28T19:57:09.2171787Z Receiving objects:   2% (14/663)
2021-06-28T19:57:09.2172274Z Receiving objects:   3% (20/663)
2021-06-28T19:57:09.2172771Z Receiving objects:   4% (27/663)
2021-06-28T19:57:09.2173260Z Receiving objects:   5% (34/663)
2021-06-28T19:57:09.2173811Z Receiving objects:   6% (40/663)
2021-06-28T19:57:09.2174298Z Receiving objects:   7% (47/663)
2021-06-28T19:57:09.2174778Z Receiving objects:   8% (54/663)
2021-06-28T19:57:09.2175269Z Receiving objects:   9% (60/663)
2021-06-28T19:57:09.2175745Z Receiving objects:  10% (67/663)
2021-06-28T19:57:09.2176234Z Receiving objects:  11% (73/663)
2021-06-28T19:57:09.2176711Z Receiving objects:  12% (80/663)
2021-06-28T19:57:09.2177203Z Receiving objects:  13% (87/663)
2021-06-28T19:57:09.2177681Z Receiving objects:  14% (93/663)
2021-06-28T19:57:09.2178169Z Receiving objects:  15% (100/663)
2021-06-28T19:57:09.2178667Z Receiving objects:  16% (107/663)
2021-06-28T19:57:09.2179147Z Receiving objects:  17% (113/663)
2021-06-28T19:57:09.2179641Z Receiving objects:  18% (120/663)
2021-06-28T19:57:09.2180120Z Receiving objects:  19% (126/663)
2021-06-28T19:57:09.2180638Z Receiving objects:  20% (133/663)
2021-06-28T19:57:09.2181129Z Receiving objects:  21% (140/663)
2021-06-28T19:57:09.2181604Z Receiving objects:  22% (146/663)
2021-06-28T19:57:09.2182099Z Receiving objects:  23% (153/663)
2021-06-28T19:57:09.2182655Z Receiving objects:  24% (160/663)
2021-06-28T19:57:09.2183084Z Receiving objects:  25% (166/663)
2021-06-28T19:57:09.2183671Z Receiving objects:  26% (173/663)
2021-06-28T19:57:09.2185109Z Receiving objects:  27% (180/663)
2021-06-28T19:57:09.2185702Z Receiving objects:  28% (186/663)
2021-06-28T19:57:09.2186217Z Receiving objects:  29% (193/663)
2021-06-28T19:57:09.2186745Z Receiving objects:  30% (199/663)
2021-06-28T19:57:09.2187261Z Receiving objects:  31% (206/663)
2021-06-28T19:57:09.2187787Z Receiving objects:  32% (213/663)
2021-06-28T19:57:09.2188301Z Receiving objects:  33% (219/663)
2021-06-28T19:57:09.2188826Z Receiving objects:  34% (226/663)
2021-06-28T19:57:09.2189338Z Receiving objects:  35% (233/663)
2021-06-28T19:57:09.2189990Z Receiving objects:  36% (239/663)
2021-06-28T19:57:09.2190514Z Receiving objects:  37% (246/663)
2021-06-28T19:57:09.2191044Z Receiving objects:  38% (252/663)
2021-06-28T19:57:09.2191579Z Receiving objects:  39% (259/663)
2021-06-28T19:57:09.2192090Z Receiving objects:  40% (266/663)
2021-06-28T19:57:09.2192617Z Receiving objects:  41% (272/663)
2021-06-28T19:57:09.2193131Z Receiving objects:  42% (279/663)
2021-06-28T19:57:09.2193656Z Receiving objects:  43% (286/663)
2021-06-28T19:57:09.2194172Z Receiving objects:  44% (292/663)
2021-06-28T19:57:09.2194732Z Receiving objects:  45% (299/663)
2021-06-28T19:57:09.2195247Z Receiving objects:  46% (305/663)
2021-06-28T19:57:09.2195778Z Receiving objects:  47% (312/663)
2021-06-28T19:57:09.2196287Z Receiving objects:  48% (319/663)
2021-06-28T19:57:09.2196996Z Receiving objects:  49% (325/663)
2021-06-28T19:57:09.2197510Z Receiving objects:  50% (332/663)
2021-06-28T19:57:09.2198035Z Receiving objects:  51% (339/663)
2021-06-28T19:57:09.2198748Z Receiving objects:  52% (345/663)
2021-06-28T19:57:09.2199266Z Receiving objects:  53% (352/663)
2021-06-28T19:57:09.2199791Z Receiving objects:  54% (359/663)
2021-06-28T19:57:09.2200309Z Receiving objects:  55% (365/663)
2021-06-28T19:57:09.2200834Z Receiving objects:  56% (372/663)
2021-06-28T19:57:09.2201347Z Receiving objects:  57% (378/663)
2021-06-28T19:57:09.2201870Z Receiving objects:  58% (385/663)
2021-06-28T19:57:09.2202386Z Receiving objects:  59% (392/663)
2021-06-28T19:57:09.2202914Z Receiving objects:  60% (398/663)
2021-06-28T19:57:09.2203430Z Receiving objects:  61% (405/663)
2021-06-28T19:57:09.2203955Z Receiving objects:  62% (412/663)
2021-06-28T19:57:09.2204481Z Receiving objects:  63% (418/663)
2021-06-28T19:57:09.2204992Z Receiving objects:  64% (425/663)
2021-06-28T19:57:09.2205643Z Receiving objects:  65% (431/663)
2021-06-28T19:57:09.2206121Z Receiving objects:  66% (438/663)
2021-06-28T19:57:09.2206610Z Receiving objects:  67% (445/663)
2021-06-28T19:57:09.2207084Z Receiving objects:  68% (451/663)
2021-06-28T19:57:09.2207568Z Receiving objects:  69% (458/663)
2021-06-28T19:57:09.2208045Z Receiving objects:  70% (465/663)
2021-06-28T19:57:09.2208627Z Receiving objects:  71% (471/663)
2021-06-28T19:57:09.2209101Z Receiving objects:  72% (478/663)
2021-06-28T19:57:09.2209586Z Receiving objects:  73% (484/663)
2021-06-28T19:57:09.2210077Z Receiving objects:  74% (491/663)
2021-06-28T19:57:09.2210554Z Receiving objects:  75% (498/663)
2021-06-28T19:57:09.2211044Z Receiving objects:  76% (504/663)
2021-06-28T19:57:09.2211638Z Receiving objects:  77% (511/663)
2021-06-28T19:57:09.2212375Z Receiving objects:  78% (518/663)
2021-06-28T19:57:09.2212937Z Receiving objects:  79% (524/663)
2021-06-28T19:57:09.2213434Z Receiving objects:  80% (531/663)
2021-06-28T19:57:09.2213909Z Receiving objects:  81% (538/663)
2021-06-28T19:57:09.2214396Z Receiving objects:  82% (544/663)
2021-06-28T19:57:09.2214869Z Receiving objects:  83% (551/663)
2021-06-28T19:57:09.2215353Z Receiving objects:  84% (557/663)
2021-06-28T19:57:09.2215833Z Receiving objects:  85% (564/663)
2021-06-28T19:57:09.2216324Z Receiving objects:  86% (571/663)
2021-06-28T19:57:09.2216814Z Receiving objects:  87% (577/663)
2021-06-28T19:57:09.2217291Z Receiving objects:  88% (584/663)
2021-06-28T19:57:09.2217779Z Receiving objects:  89% (591/663)
2021-06-28T19:57:09.2218249Z Receiving objects:  90% (597/663)
2021-06-28T19:57:09.2218739Z Receiving objects:  91% (604/663)
2021-06-28T19:57:09.2219217Z Receiving objects:  92% (610/663)
2021-06-28T19:57:09.2220405Z remote: Total 663 (delta 287), reused 578 (delta 211), pack-reused 0        
2021-06-28T19:57:09.2221009Z Receiving objects:  93% (617/663)
2021-06-28T19:57:09.2221501Z Receiving objects:  94% (624/663)
2021-06-28T19:57:09.2221978Z Receiving objects:  95% (630/663)
2021-06-28T19:57:09.2222469Z Receiving objects:  96% (637/663)
2021-06-28T19:57:09.2222959Z Receiving objects:  97% (644/663)
2021-06-28T19:57:09.2223432Z Receiving objects:  98% (650/663)
2021-06-28T19:57:09.2224016Z Receiving objects:  99% (657/663)
2021-06-28T19:57:09.2224501Z Receiving objects: 100% (663/663)
2021-06-28T19:57:09.2225065Z Receiving objects: 100% (663/663), 460.63 KiB | 17.06 MiB/s, done.
2021-06-28T19:57:09.2225602Z Resolving deltas:   0% (0/287)
2021-06-28T19:57:09.2226077Z Resolving deltas:   1% (3/287)
2021-06-28T19:57:09.2226536Z Resolving deltas:   2% (6/287)
2021-06-28T19:57:09.2227007Z Resolving deltas:   3% (9/287)
2021-06-28T19:57:09.2227474Z Resolving deltas:   4% (12/287)
2021-06-28T19:57:09.2227952Z Resolving deltas:   5% (15/287)
2021-06-28T19:57:09.2228421Z Resolving deltas:   6% (18/287)
2021-06-28T19:57:09.2228882Z Resolving deltas:   7% (21/287)
2021-06-28T19:57:09.2229359Z Resolving deltas:   8% (23/287)
2021-06-28T19:57:09.2229823Z Resolving deltas:   9% (26/287)
2021-06-28T19:57:09.2230294Z Resolving deltas:  10% (29/287)
2021-06-28T19:57:09.2230756Z Resolving deltas:  11% (32/287)
2021-06-28T19:57:09.2231226Z Resolving deltas:  12% (35/287)
2021-06-28T19:57:09.2231689Z Resolving deltas:  13% (39/287)
2021-06-28T19:57:09.2232160Z Resolving deltas:  14% (41/287)
2021-06-28T19:57:09.2232625Z Resolving deltas:  15% (44/287)
2021-06-28T19:57:09.2233095Z Resolving deltas:  16% (46/287)
2021-06-28T19:57:09.2233557Z Resolving deltas:  17% (49/287)
2021-06-28T19:57:09.2234030Z Resolving deltas:  18% (52/287)
2021-06-28T19:57:09.2234502Z Resolving deltas:  19% (55/287)
2021-06-28T19:57:09.2234960Z Resolving deltas:  20% (59/287)
2021-06-28T19:57:09.2235430Z Resolving deltas:  21% (61/287)
2021-06-28T19:57:09.2235891Z Resolving deltas:  22% (64/287)
2021-06-28T19:57:09.2236361Z Resolving deltas:  23% (67/287)
2021-06-28T19:57:09.2236819Z Resolving deltas:  24% (69/287)
2021-06-28T19:57:09.2237288Z Resolving deltas:  25% (72/287)
2021-06-28T19:57:09.2237749Z Resolving deltas:  26% (75/287)
2021-06-28T19:57:09.2238219Z Resolving deltas:  27% (78/287)
2021-06-28T19:57:09.2238824Z Resolving deltas:  28% (81/287)
2021-06-28T19:57:09.2239294Z Resolving deltas:  29% (84/287)
2021-06-28T19:57:09.2239771Z Resolving deltas:  30% (87/287)
2021-06-28T19:57:09.2240235Z Resolving deltas:  31% (89/287)
2021-06-28T19:57:09.2240706Z Resolving deltas:  32% (92/287)
2021-06-28T19:57:09.2241246Z Resolving deltas:  33% (95/287)
2021-06-28T19:57:09.2241719Z Resolving deltas:  34% (98/287)
2021-06-28T19:57:09.2242181Z Resolving deltas:  35% (101/287)
2021-06-28T19:57:09.2242659Z Resolving deltas:  36% (104/287)
2021-06-28T19:57:09.2243124Z Resolving deltas:  37% (107/287)
2021-06-28T19:57:09.2243602Z Resolving deltas:  38% (110/287)
2021-06-28T19:57:09.2244070Z Resolving deltas:  39% (112/287)
2021-06-28T19:57:09.2244544Z Resolving deltas:  40% (115/287)
2021-06-28T19:57:09.2245012Z Resolving deltas:  41% (118/287)
2021-06-28T19:57:09.2245491Z Resolving deltas:  42% (121/287)
2021-06-28T19:57:09.2245964Z Resolving deltas:  43% (124/287)
2021-06-28T19:57:09.2246430Z Resolving deltas:  44% (127/287)
2021-06-28T19:57:09.2246909Z Resolving deltas:  45% (130/287)
2021-06-28T19:57:09.2247377Z Resolving deltas:  46% (133/287)
2021-06-28T19:57:09.2247856Z Resolving deltas:  47% (135/287)
2021-06-28T19:57:09.2248323Z Resolving deltas:  48% (138/287)
2021-06-28T19:57:09.2248798Z Resolving deltas:  49% (141/287)
2021-06-28T19:57:09.2249272Z Resolving deltas:  50% (144/287)
2021-06-28T19:57:09.2249751Z Resolving deltas:  51% (147/287)
2021-06-28T19:57:09.2250216Z Resolving deltas:  52% (150/287)
2021-06-28T19:57:09.2250694Z Resolving deltas:  53% (153/287)
2021-06-28T19:57:09.2251157Z Resolving deltas:  54% (155/287)
2021-06-28T19:57:09.2251634Z Resolving deltas:  55% (158/287)
2021-06-28T19:57:09.2252110Z Resolving deltas:  56% (161/287)
2021-06-28T19:57:09.2252569Z Resolving deltas:  57% (164/287)
2021-06-28T19:57:09.2253041Z Resolving deltas:  58% (167/287)
2021-06-28T19:57:09.2253501Z Resolving deltas:  59% (170/287)
2021-06-28T19:57:09.2253976Z Resolving deltas:  60% (173/287)
2021-06-28T19:57:09.2254439Z Resolving deltas:  61% (176/287)
2021-06-28T19:57:09.2254912Z Resolving deltas:  62% (178/287)
2021-06-28T19:57:09.2255435Z Resolving deltas:  63% (181/287)
2021-06-28T19:57:09.2255914Z Resolving deltas:  64% (184/287)
2021-06-28T19:57:09.2256375Z Resolving deltas:  65% (187/287)
2021-06-28T19:57:09.2256854Z Resolving deltas:  66% (190/287)
2021-06-28T19:57:09.2257331Z Resolving deltas:  67% (193/287)
2021-06-28T19:57:09.2257790Z Resolving deltas:  68% (196/287)
2021-06-28T19:57:09.2258457Z Resolving deltas:  69% (199/287)
2021-06-28T19:57:09.2258956Z Resolving deltas:  70% (201/287)
2021-06-28T19:57:09.2259468Z Resolving deltas:  71% (204/287)
2021-06-28T19:57:09.2259962Z Resolving deltas:  72% (207/287)
2021-06-28T19:57:09.2260469Z Resolving deltas:  73% (210/287)
2021-06-28T19:57:09.2260966Z Resolving deltas:  74% (213/287)
2021-06-28T19:57:09.2309086Z Resolving deltas:  75% (216/287)
2021-06-28T19:57:09.2310037Z Resolving deltas:  76% (219/287)
2021-06-28T19:57:09.2310528Z Resolving deltas:  77% (221/287)
2021-06-28T19:57:09.2310999Z Resolving deltas:  78% (224/287)
2021-06-28T19:57:09.2311478Z Resolving deltas:  79% (227/287)
2021-06-28T19:57:09.2311974Z Resolving deltas:  80% (230/287)
2021-06-28T19:57:09.2312442Z Resolving deltas:  81% (233/287)
2021-06-28T19:57:09.2312919Z Resolving deltas:  82% (236/287)
2021-06-28T19:57:09.2313385Z Resolving deltas:  83% (239/287)
2021-06-28T19:57:09.2314083Z Resolving deltas:  84% (242/287)
2021-06-28T19:57:09.2314586Z Resolving deltas:  85% (244/287)
2021-06-28T19:57:09.2315100Z Resolving deltas:  86% (247/287)
2021-06-28T19:57:09.2315601Z Resolving deltas:  87% (250/287)
2021-06-28T19:57:09.2316110Z Resolving deltas:  88% (253/287)
2021-06-28T19:57:09.2316611Z Resolving deltas:  89% (256/287)
2021-06-28T19:57:09.2317121Z Resolving deltas:  90% (259/287)
2021-06-28T19:57:09.2317620Z Resolving deltas:  91% (262/287)
2021-06-28T19:57:09.2318135Z Resolving deltas:  92% (265/287)
2021-06-28T19:57:09.2318750Z Resolving deltas:  93% (267/287)
2021-06-28T19:57:09.2319253Z Resolving deltas:  94% (270/287)
2021-06-28T19:57:09.2319765Z Resolving deltas:  95% (273/287)
2021-06-28T19:57:09.2320270Z Resolving deltas:  96% (276/287)
2021-06-28T19:57:09.2320782Z Resolving deltas:  97% (279/287)
2021-06-28T19:57:09.2321283Z Resolving deltas:  98% (282/287)
2021-06-28T19:57:09.2321960Z Resolving deltas:  99% (285/287)
2021-06-28T19:57:09.2322462Z Resolving deltas: 100% (287/287)
2021-06-28T19:57:09.2322999Z Resolving deltas: 100% (287/287), done.
2021-06-28T19:57:09.2324259Z From https://github.com/ZION-APP/ZION-FRONTEND
2021-06-28T19:57:09.2325462Z  * [new branch]      Cuenta-bancaria      -> origin/Cuenta-bancaria
2021-06-28T19:57:09.2326645Z  * [new branch]      Goal-creation-branch -> origin/Goal-creation-branch
2021-06-28T19:57:09.2327809Z  * [new branch]      Register-branch      -> origin/Register-branch
2021-06-28T19:57:09.2328762Z  * [new branch]      develop              -> origin/develop
2021-06-28T19:57:09.2329711Z  * [new branch]      info-screen          -> origin/info-screen
2021-06-28T19:57:09.2330510Z  * [new branch]      master               -> origin/master
2021-06-28T19:57:09.2331322Z  * [new branch]      more-options         -> origin/more-options
2021-06-28T19:57:09.2332142Z  * [new branch]      perfil               -> origin/perfil
2021-06-28T19:57:09.2333318Z ##[command]git checkout --progress --force 8f6870ce146a08f5956fa9abee29b7aef3e5d8f1
2021-06-28T19:57:09.2334527Z Note: switching to '8f6870ce146a08f5956fa9abee29b7aef3e5d8f1'.
2021-06-28T19:57:09.2335074Z 
2021-06-28T19:57:09.2335898Z You are in 'detached HEAD' state. You can look around, make experimental
2021-06-28T19:57:09.2336719Z changes and commit them, and you can discard any commits you make in this
2021-06-28T19:57:09.2337518Z state without impacting any branches by switching back to a branch.
2021-06-28T19:57:09.2337978Z 
2021-06-28T19:57:09.2338519Z If you want to create a new branch to retain commits you create, you may
2021-06-28T19:57:09.2339483Z do so (now or later) by using -c with the switch command. Example:
2021-06-28T19:57:09.2339895Z 
2021-06-28T19:57:09.2340470Z   git switch -c <new-branch-name>
2021-06-28T19:57:09.2340822Z 
2021-06-28T19:57:09.2341332Z Or undo this operation with:
2021-06-28T19:57:09.2341659Z 
2021-06-28T19:57:09.2342139Z   git switch -
2021-06-28T19:57:09.2342388Z 
2021-06-28T19:57:09.2343031Z Turn off this advice by setting config variable advice.detachedHead to false
2021-06-28T19:57:09.2343576Z 
2021-06-28T19:57:09.2344012Z HEAD is now at 8f6870c Cambio nombre de archivos
2021-06-28T19:57:09.2581223Z ##[group]Run actions/setup-java@v1
2021-06-28T19:57:09.2581735Z with:
2021-06-28T19:57:09.2582170Z   java-version: 12.x
2021-06-28T19:57:09.2582740Z   java-package: jdk
2021-06-28T19:57:09.2583291Z   architecture: x64
2021-06-28T19:57:09.2583836Z   server-id: github
2021-06-28T19:57:09.2584381Z   server-username: GITHUB_ACTOR
2021-06-28T19:57:09.2585027Z   server-password: GITHUB_TOKEN
2021-06-28T19:57:09.2585553Z ##[endgroup]
2021-06-28T19:57:10.8550744Z [command]/usr/bin/tar --version
2021-06-28T19:57:10.8650584Z tar (GNU tar) 1.30
2021-06-28T19:57:10.8652636Z Copyright (C) 2017 Free Software Foundation, Inc.
2021-06-28T19:57:10.8656548Z License GPLv3+: GNU GPL version 3 or later <https://gnu.org/licenses/gpl.html>.
2021-06-28T19:57:10.8657899Z This is free software: you are free to change and redistribute it.
2021-06-28T19:57:10.8659168Z There is NO WARRANTY, to the extent permitted by law.
2021-06-28T19:57:10.8659981Z 
2021-06-28T19:57:10.8660901Z Written by John Gilmore and Jay Fenlason.
2021-06-28T19:57:10.8821595Z [command]/usr/bin/tar xz --warning=no-unknown-keyword -C /home/runner/work/_temp/temp_318420964 -f /home/runner/work/_temp/c4b47b57-ff3c-4b7d-bdd5-f3dd832c8262
2021-06-28T19:57:14.5966608Z creating settings.xml with server-id: github; environment variables: username=$GITHUB_ACTOR, *** and gpg-passphrase=null
2021-06-28T19:57:14.6054012Z writing /home/runner/.m2/settings.xml
2021-06-28T19:57:14.6460712Z ##[group]Run subosito/flutter-action@v1
2021-06-28T19:57:14.6461648Z with:
2021-06-28T19:57:14.6462244Z   channel: beta
2021-06-28T19:57:14.6462899Z env:
2021-06-28T19:57:14.6463690Z   JAVA_HOME_12.0.2_x64: /opt/hostedtoolcache/jdk/12.0.2/x64
2021-06-28T19:57:14.6464792Z   JAVA_HOME: /opt/hostedtoolcache/jdk/12.0.2/x64
2021-06-28T19:57:14.6465885Z   JAVA_HOME_12_0_2_X64: /opt/hostedtoolcache/jdk/12.0.2/x64
2021-06-28T19:57:14.6466865Z ##[endgroup]
2021-06-28T19:57:18.1987378Z [command]/usr/bin/tar x --warning=no-unknown-keyword --overwrite -C /home/runner/work/_temp/temp_1080823751 -f /home/runner/work/_temp/e897ac09-46db-4faf-abaf-2c91156038e9
2021-06-28T19:58:12.0625208Z ##[group]Run flutter pub get
2021-06-28T19:58:12.0626054Z [36;1mflutter pub get[0m
2021-06-28T19:58:12.0682025Z shell: /usr/bin/bash -e {0}
2021-06-28T19:58:12.0682598Z env:
2021-06-28T19:58:12.0683323Z   JAVA_HOME_12.0.2_x64: /opt/hostedtoolcache/jdk/12.0.2/x64
2021-06-28T19:58:12.0684217Z   JAVA_HOME: /opt/hostedtoolcache/jdk/12.0.2/x64
2021-06-28T19:58:12.0685129Z   JAVA_HOME_12_0_2_X64: /opt/hostedtoolcache/jdk/12.0.2/x64
2021-06-28T19:58:12.0686189Z   FLUTTER_ROOT: /opt/hostedtoolcache/flutter/2.3.0-24.1.pre-beta/x64
2021-06-28T19:58:12.0687366Z   PUB_CACHE: /opt/hostedtoolcache/flutter/2.3.0-24.1.pre-beta/x64/.pub-cache
2021-06-28T19:58:12.0688265Z ##[endgroup]
2021-06-28T19:58:12.7058868Z 
2021-06-28T19:58:12.7089948Z   ╔════════════════════════════════════════════════════════════════════════════╗
2021-06-28T19:58:12.7091229Z   ║                 Welcome to Flutter! - https://flutter.dev                  ║
2021-06-28T19:58:12.7092757Z   ║                                                                            ║
2021-06-28T19:58:12.7094038Z   ║ The Flutter tool uses Google Analytics to anonymously report feature usage ║
2021-06-28T19:58:12.7095423Z   ║ statistics and basic crash reports. This data is used to help improve      ║
2021-06-28T19:58:12.7096599Z   ║ Flutter tools over time.                                                   ║
2021-06-28T19:58:12.7097571Z   ║                                                                            ║
2021-06-28T19:58:12.7098684Z   ║ Flutter tool analytics are not sent on the very first run. To disable      ║
2021-06-28T19:58:12.7100045Z   ║ reporting, type 'flutter config --no-analytics'. To display the current    ║
2021-06-28T19:58:12.7101476Z   ║ setting, type 'flutter config'. If you opt out of analytics, an opt-out    ║
2021-06-28T19:58:12.7102829Z   ║ event will be sent, and then no further information will be sent by the    ║
2021-06-28T19:58:12.7103974Z   ║ Flutter tool.                                                              ║
2021-06-28T19:58:12.7104914Z   ║                                                                            ║
2021-06-28T19:58:12.7106047Z   ║ By downloading the Flutter SDK, you agree to the Google Terms of Service.  ║
2021-06-28T19:58:12.7107400Z   ║ Note: The Google Privacy Policy describes how data is handled in this      ║
2021-06-28T19:58:12.7108557Z   ║ service.                                                                   ║
2021-06-28T19:58:12.7109475Z   ║                                                                            ║
2021-06-28T19:58:12.7110607Z   ║ Moreover, Flutter includes the Dart SDK, which may send usage metrics and  ║
2021-06-28T19:58:12.7112768Z   ║ crash reports to Google.                                                   ║
2021-06-28T19:58:12.7113538Z   ║                                                                            ║
2021-06-28T19:58:12.7114326Z   ║ Read about data we send with crash reports:                                ║
2021-06-28T19:58:12.7115406Z   ║ https://flutter.dev/docs/reference/crash-reporting                         ║
2021-06-28T19:58:12.7116340Z   ║                                                                            ║
2021-06-28T19:58:12.7117075Z   ║ See Google's privacy policy:                                               ║
2021-06-28T19:58:12.7118094Z   ║ https://policies.google.com/privacy                                        ║
2021-06-28T19:58:12.7119349Z   ╚════════════════════════════════════════════════════════════════════════════╝
2021-06-28T19:58:12.7119661Z 
2021-06-28T19:58:14.1728595Z Running "flutter pub get" in flutter_tools...                    1,412ms
2021-06-28T19:58:20.4696302Z Running "flutter pub get" in ZION-FRONTEND...                       6.1s
2021-06-28T19:58:20.7172351Z ##[group]Run flutter analyze .
2021-06-28T19:58:20.7172956Z [36;1mflutter analyze .[0m
2021-06-28T19:58:20.7213687Z shell: /usr/bin/bash -e {0}
2021-06-28T19:58:20.7214049Z env:
2021-06-28T19:58:20.7214486Z   JAVA_HOME_12.0.2_x64: /opt/hostedtoolcache/jdk/12.0.2/x64
2021-06-28T19:58:20.7215049Z   JAVA_HOME: /opt/hostedtoolcache/jdk/12.0.2/x64
2021-06-28T19:58:20.7215604Z   JAVA_HOME_12_0_2_X64: /opt/hostedtoolcache/jdk/12.0.2/x64
2021-06-28T19:58:20.7216411Z   FLUTTER_ROOT: /opt/hostedtoolcache/flutter/2.3.0-24.1.pre-beta/x64
2021-06-28T19:58:20.7217245Z   PUB_CACHE: /opt/hostedtoolcache/flutter/2.3.0-24.1.pre-beta/x64/.pub-cache
2021-06-28T19:58:20.7217864Z ##[endgroup]
2021-06-28T19:58:38.0476390Z Analyzing ZION-FRONTEND...                                      
2021-06-28T19:58:38.0488435Z 
2021-06-28T19:58:38.0538998Z    info • Sort directive sections alphabetically • lib/bloc/auth/auth_bloc.dart:8:1 • directives_ordering
2021-06-28T19:58:38.0566987Z    info • Sort directive sections alphabetically • lib/bloc/buzon/buzon_bloc.dart:4:1 • directives_ordering
2021-06-28T19:58:38.0577178Z    info • Sort directive sections alphabetically • lib/bloc/buzon/buzon_bloc.dart:7:1 • directives_ordering
2021-06-28T19:58:38.0578798Z    info • Sort directive sections alphabetically • lib/main.dart:3:1 • directives_ordering
2021-06-28T19:58:38.0580413Z    info • Prefer final for variable declarations if they are not reassigned • lib/routes/router.gr.dart:31:11 • prefer_final_locals
2021-06-28T19:58:38.0582069Z    info • Prefer const with constant constructors • lib/routes/router.gr.dart:32:63 • prefer_const_constructors
2021-06-28T19:58:38.0583788Z    info • Sort directive sections alphabetically • lib/screens/cuenta_bancaria/components.dart/formulario.dart:4:1 • directives_ordering
2021-06-28T19:58:38.0585645Z    info • Sort directive sections alphabetically • lib/screens/cuenta_bancaria/cuenta_bancaria.dart:5:1 • directives_ordering
2021-06-28T19:58:38.0587583Z    info • Sort directive sections alphabetically • lib/screens/goal_creation/components.dart/formulario.dart:4:1 • directives_ordering
2021-06-28T19:58:38.0589216Z    info • Sort directive sections alphabetically • lib/screens/informacion/informacion.dart:3:1 • directives_ordering
2021-06-28T19:58:38.0590755Z    info • Sort directive sections alphabetically • lib/screens/informacion/informacion.dart:6:1 • directives_ordering
2021-06-28T19:58:38.0592335Z    info • Sort directive sections alphabetically • lib/screens/login/components.dart/formulario.dart:3:1 • directives_ordering
2021-06-28T19:58:38.0593798Z    info • Sort directive sections alphabetically • lib/screens/login/login.dart:4:1 • directives_ordering
2021-06-28T19:58:38.0595126Z    info • Sort directive sections alphabetically • lib/screens/login/login.dart:12:1 • directives_ordering
2021-06-28T19:58:38.0596654Z    info • Sort directive sections alphabetically • lib/screens/perfil/components/boton_cambiar_contrasena.dart:4:1 • directives_ordering
2021-06-28T19:58:38.0609312Z    info • Sort directive sections alphabetically • lib/screens/perfil/perfil.dart:5:1 • directives_ordering
2021-06-28T19:58:38.0611334Z    info • Sort directive sections alphabetically • lib/screens/register/components.dart/formulario.dart:4:1 • directives_ordering
2021-06-28T19:58:38.0613035Z    info • Sort directive sections alphabetically • lib/screens/register/register.dart:4:1 • directives_ordering
2021-06-28T19:58:38.0643526Z 
2021-06-28T19:58:38.0814709Z 18 issues found. (ran in 16.1s)
2021-06-28T19:58:38.1020019Z ##[error]Process completed with exit code 1.
2021-06-28T19:58:38.1128284Z Post job cleanup.
2021-06-28T19:58:38.1721365Z Cleaning up orphan processes
